Run pnpm test:browser

> @bloret-crew/blora-design-monorepo@2.0.0-alpha.1 test:browser /home/runner/work/blora-design/blora-design
> pnpm -r run test:browser

Scope: 8 of 9 workspace projects
packages/blora-design test:browser$ pnpm run build && playwright test --config ../../playwright.config.ts
packages/blora-design test:browser: > @bloret-crew/blora-design@2.0.0-alpha.1 build /home/runner/work/blora-design/blora-design/packages/blora-design
packages/blora-design test:browser: > node ../tokens/scripts/build-tokens.mjs && vite build && vite build -c vite.global.config.ts && tsc --emitDeclarationOnly && node scripts/copy-tokens.mjs && node scripts/generate-manifests.mjs
packages/blora-design test:browser: [build:tokens] Generated 168 light tokens and 42 dark overrides in ../tokens/generated.
packages/blora-design test:browser: vite v6.4.3 building for production...
packages/blora-design test:browser: transforming...
packages/blora-design test:browser: ✓ 147 modules transformed.
packages/blora-design test:browser: rendering chunks...
packages/blora-design test:browser: computing gzip size...
packages/blora-design test:browser: dist/components/button/index.js        1.09 kB │ gzip:  0.52 kB
packages/blora-design test:browser: dist/auto.js                           2.83 kB │ gzip:  1.02 kB
packages/blora-design test:browser: dist/overlay-controller-DWvYkaOC.js    7.41 kB │ gzip:  2.40 kB
packages/blora-design test:browser: dist/icons-DCATASCv.js                10.00 kB │ gzip:  2.53 kB
packages/blora-design test:browser: dist/components/dialog/index.js       11.79 kB │ gzip:  3.36 kB
packages/blora-design test:browser: dist/index.js                         16.94 kB │ gzip:  5.59 kB
packages/blora-design test:browser: dist/components/select/index.js       18.02 kB │ gzip:  4.62 kB
packages/blora-design test:browser: dist/components/table/index.js        26.15 kB │ gzip:  6.81 kB
packages/blora-design test:browser: dist/timeline-Cs47lDYO.js            306.10 kB │ gzip: 58.46 kB
packages/blora-design test:browser: ✓ built in 1.03s
packages/blora-design test:browser: vite v6.4.3 building for production...
packages/blora-design test:browser: transforming...
packages/blora-design test:browser: ✓ 144 modules transformed.
packages/blora-design test:browser: rendering chunks...
packages/blora-design test:browser: computing gzip size...
packages/blora-design test:browser: dist/blora.global.js  317.15 kB │ gzip: 73.41 kB
packages/blora-design test:browser: ✓ built in 1.01s
packages/blora-design test:browser: [copy-tokens] Copied token assets, foundations CSS, component CSS, and assembled blora.css into dist/.
packages/blora-design test:browser: [generate-manifests] 87 components; CE modules: 61; API names: 227
packages/blora-design test:browser: Error: No tests found
packages/blora-design test:browser: Failed
/home/runner/work/blora-design/blora-design/packages/blora-design:
 ERR_PNPM_RECURSIVE_RUN_FIRST_FAIL  @bloret-crew/blora-design@2.0.0-alpha.1 test:browser: `pnpm run build && playwright test --config ../../playwright.config.ts`
Exit status 1
 ELIFECYCLE  Command failed with exit code 1.
Error: Process completed with exit code 1.